apiVersion: v1
kind: ServiceAccount
metadata:
  labels:
    app.kubernetes.io/component: pipelines-ui
    app.kubernetes.io/instance: pipelines-ui-0.2.0
    app.kubernetes.io/managed-by: kfctl
    app.kubernetes.io/name: pipelines-ui
    app.kubernetes.io/part-of: kubeflow
    app.kubernetes.io/version: 0.2.0
  name: ml-pipeline-ui
  namespace: kubeflow
