apiVersion: apiextensions.k8s.io/v1beta1
kind: CustomResourceDefinition
metadata:
  labels:
    app: istio-mixer
    kustomize.component: istio-crds
  name: quotaspecs.config.istio.io
spec:
  group: config.istio.io
  names:
    categories:
    - istio-io
    - apim-istio-io
    kind: QuotaSpec
    plural: quotaspecs
    singular: quotaspec
  scope: Namespaced
  versions:
  - name: v1alpha2
    served: true
    storage: true
