apiVersion: v1
data:
  accesskey: bWluaW8=
  secretkey: bWluaW8xMjM=
kind: Secret
metadata:
  labels:
    app: minio
    app.kubernetes.io/component: minio
    app.kubernetes.io/instance: minio-0.2.0
    app.kubernetes.io/managed-by: kfctl
    app.kubernetes.io/name: minio
    app.kubernetes.io/part-of: kubeflow
    app.kubernetes.io/version: 0.2.0
  name: mlpipeline-minio-artifact
type: Opaque
