apiVersion: v1
kind: Service
metadata:
  labels:
    app: cloud-endpoints-controller
    kustomize.component: cloud-endpoints
  name: cloud-endpoints-controller
spec:
  ports:
  - name: http
    port: 80
  selector:
    app: cloud-endpoints-controller
    kustomize.component: cloud-endpoints
  type: ClusterIP
