apiVersion: v1
kind: Service
metadata:
  labels:
    app: whoami
    kustomize.component: iap-ingress
  name: whoami-app
  namespace: istio-system
spec:
  ports:
  - port: 80
    targetPort: 8081
  selector:
    app: whoami
    kustomize.component: iap-ingress
  type: ClusterIP
