apiVersion: rbac.istio.io/v1alpha1
kind: ServiceRoleBinding
metadata:
  labels:
    app.kubernetes.io/component: knative-serving-install
    app.kubernetes.io/instance: knative-serving-install
    app.kubernetes.io/managed-by: kfctl
    app.kubernetes.io/name: knative-serving-install
    app.kubernetes.io/part-of: kubeflow
    app.kubernetes.io/version: v0.11.2
    kustomize.component: knative
    serving.knative.dev/release: v0.11.2
  name: istio-service-role-binding
  namespace: knative-serving
spec:
  roleRef:
    kind: ServiceRole
    name: istio-service-role
  subjects:
  - user: '*'
