apiVersion: v1
kind: ServiceAccount
metadata:
  labels:
    app: notebook-controller
    kustomize.component: notebook-controller
  name: notebook-controller-service-account
  namespace: kubeflow
