apiVersion: v1
data:
  defaultTrialTemplate.yaml: |-
    apiVersion: batch/v1
    kind: Job
    metadata:
      name: {{.Trial}}
      namespace: {{.NameSpace}}
    spec:
      template:
        spec:
          containers:
          - name: {{.Trial}}
            image: docker.io/kubeflowkatib/mxnet-mnist
            command:
            - "python3"
            - "/opt/mxnet-mnist/mnist.py"
            - "--batch-size=64"
            {{- with .HyperParameters}}
            {{- range .}}
            - "{{.Name}}={{.Value}}"
            {{- end}}
            {{- end}}
          restartPolicy: Never
kind: ConfigMap
metadata:
  labels:
    app.kubernetes.io/component: katib
    app.kubernetes.io/name: katib-controller
  name: trial-template
  namespace: kubeflow
