apiVersion: admissionregistration.k8s.io/v1beta1
kind: MutatingWebhookConfiguration
metadata:
  labels:
    app.kubernetes.io/component: knative-eventing-install
    app.kubernetes.io/name: knative-eventing-install
    eventing.knative.dev/release: v0.14.2
    kustomize.component: knative
  name: webhook.eventing.knative.dev
webhooks:
- admissionReviewVersions:
  - v1beta1
  clientConfig:
    service:
      name: eventing-webhook
      namespace: knative-eventing
  failurePolicy: Fail
  name: webhook.eventing.knative.dev
  sideEffects: None
