apiVersion: v1
data:
  admin: jlewi@google.com
  gcp-sa: kf-v1-0210-user@jlewi-dev.iam.gserviceaccount.com
  userid-header: X-Goog-Authenticated-User-Email
  userid-prefix: 'accounts.google.com:'
kind: ConfigMap
metadata:
  annotations: {}
  labels:
    app.kubernetes.io/component: profiles
    app.kubernetes.io/instance: profiles-v1.0.0
    app.kubernetes.io/managed-by: kfctl
    app.kubernetes.io/name: profiles
    app.kubernetes.io/part-of: kubeflow
    app.kubernetes.io/version: v1.0.0
    kustomize.component: profiles
  name: profiles-profiles-parameters-c529d7fg88
  namespace: kubeflow
