apiVersion: rbac.authorization.k8s.io/v1beta1
kind: RoleBinding
metadata:
  labels:
    app: jupyter-web-app
    app.kubernetes.io/component: jupyter-web-app
    app.kubernetes.io/name: jupyter-web-app
    kustomize.component: jupyter-web-app
  name: jupyter-web-app-jupyter-notebook-role-binding
  namespace: kubeflow
roleRef:
  apiGroup: rbac.authorization.k8s.io
  kind: Role
  name: jupyter-web-app-jupyter-notebook-role
subjects:
- kind: ServiceAccount
  name: jupyter-notebook
