apiVersion: rbac.authorization.k8s.io/v1
kind: ClusterRole
metadata:
  labels:
    app.kubernetes.io/component: mpijob
    app.kubernetes.io/name: mpi-operator
    kustomize.component: mpi-operator
    rbac.authorization.kubeflow.org/aggregate-to-kubeflow-edit: "true"
    rbac.authorization.kubeflow.org/aggregate-to-kubeflow-mpijobs-admin: "true"
  name: kubeflow-mpijobs-edit
rules:
- apiGroups:
  - kubeflow.org
  resources:
  - mpijobs
  - mpijobs/status
  verbs:
  - get
  - list
  - watch
  - create
  - delete
  - deletecollection
  - patch
  - update
