apiVersion: rbac.authorization.k8s.io/v1beta1
kind: ClusterRoleBinding
metadata:
  labels:
    app: tf-job-operator
    app.kubernetes.io/component: tfjob
    app.kubernetes.io/name: tf-job-operator
    kustomize.component: tf-job-operator
  name: tf-job-operator
roleRef:
  apiGroup: rbac.authorization.k8s.io
  kind: ClusterRole
  name: tf-job-operator
subjects:
- kind: ServiceAccount
  name: tf-job-operator
  namespace: kubeflow
