apiVersion: v1
kind: ServiceAccount
metadata:
  labels:
    app.kubernetes.io/component: centraldashboard
    app.kubernetes.io/name: centraldashboard
  name: centraldashboard
  namespace: kubeflow
