apiVersion: extensions/v1beta1
kind: Deployment
metadata:
  labels:
    kustomize.component: aws-authzadaptor
    run: authzadaptor
  name: authzadaptor
  namespace: istio-system
spec:
  replicas: 1
  selector:
    matchLabels:
      kustomize.component: aws-authzadaptor
      run: authzadaptor
  template:
    metadata:
      labels:
        kustomize.component: aws-authzadaptor
        run: authzadaptor
    spec:
      containers:
      - image: seedjeffwan/istio-adapter:0.1
        imagePullPolicy: Always
        name: authzadaptor
        ports:
        - containerPort: 9070
          protocol: TCP
