apiVersion: rbac.authorization.k8s.io/v1
kind: ClusterRoleBinding
metadata:
  labels:
    app.kubernetes.io/component: katib
    app.kubernetes.io/name: katib-controller
  name: katib-controller
roleRef:
  apiGroup: rbac.authorization.k8s.io
  kind: ClusterRole
  name: katib-controller
subjects:
- kind: ServiceAccount
  name: katib-controller
  namespace: kubeflow
