apiVersion: v1
kind: Service
metadata:
  labels:
    app: activator
    kustomize.component: knative
    serving.knative.dev/release: v0.11.1
  name: activator-service
  namespace: knative-serving
spec:
  ports:
  - name: http
    port: 80
    protocol: TCP
    targetPort: 8012
  - name: http2
    port: 81
    protocol: TCP
    targetPort: 8013
  - name: http-metrics
    port: 9090
    protocol: TCP
    targetPort: 9090
  selector:
    app: activator
    kustomize.component: knative
  type: ClusterIP
