apiVersion: rbac.istio.io/v1alpha1
kind: ServiceRole
metadata:
  name: cache-server
  namespace: kubeflow
spec:
  rules:
  - services:
    - cache-server.kubeflow.svc.cluster.local
