apiVersion: v1
kind: ServiceAccount
metadata:
  labels:
    app: notebook-controller
    app.kubernetes.io/component: notebook-controller
    app.kubernetes.io/instance: notebook-controller-v1.0.0
    app.kubernetes.io/managed-by: kfctl
    app.kubernetes.io/name: notebook-controller
    app.kubernetes.io/part-of: kubeflow
    app.kubernetes.io/version: v1.0.0
    kustomize.component: notebook-controller
  name: notebook-controller-service-account
  namespace: kubeflow
