apiVersion: v1
kind: Service
metadata:
  labels:
    app: ml-pipeline-ui
    app.kubernetes.io/component: pipelines-ui
    app.kubernetes.io/name: pipelines-ui
  name: ml-pipeline-ui
  namespace: kubeflow
spec:
  ports:
  - port: 80
    targetPort: 3000
  selector:
    app: ml-pipeline-ui
    app.kubernetes.io/component: pipelines-ui
    app.kubernetes.io/name: pipelines-ui
