apiVersion: v1
kind: ServiceAccount
metadata:
  labels:
    app: admission-webhook
    app.kubernetes.io/component: poddefaults
    app.kubernetes.io/name: poddefaults
    kustomize.component: admission-webhook
  name: admission-webhook-service-account
  namespace: kubeflow
