apiVersion: v1
data:
  DEFAULTPIPELINERUNNERSERVICEACCOUNT: default-editor
  MULTIUSER: "true"
  VISUALIZATIONSERVICE_NAME: ml-pipeline-visualizationserver
  VISUALIZATIONSERVICE_PORT: "8888"
kind: ConfigMap
metadata:
  labels:
    app.kubernetes.io/component: ml-pipeline
    app.kubernetes.io/name: kubeflow-pipelines
  name: pipeline-api-server-config-f4t72426kt
  namespace: kubeflow
