apiVersion: v1
kind: Service
metadata:
  labels:
    app: cert-manager
    app.kubernetes.io/component: cert-manager
    app.kubernetes.io/instance: cert-manager-v1.0.0
    app.kubernetes.io/managed-by: kfctl
    app.kubernetes.io/name: cert-manager
    app.kubernetes.io/part-of: kubeflow
    app.kubernetes.io/version: v1.0.0
    kustomize.component: cert-manager
  name: cert-manager
  namespace: cert-manager
spec:
  ports:
  - port: 9402
    protocol: TCP
    targetPort: 9402
  selector:
    app: cert-manager
    app.kubernetes.io/component: cert-manager
    app.kubernetes.io/instance: cert-manager-v1.0.0
    app.kubernetes.io/managed-by: kfctl
    app.kubernetes.io/name: cert-manager
    app.kubernetes.io/part-of: kubeflow
    app.kubernetes.io/version: v1.0.0
    kustomize.component: cert-manager
  type: ClusterIP
