apiVersion: v1
data:
  MYSQL_ALLOW_EMPTY_PASSWORD: "true"
  MYSQL_DATABASE: mlmetadata
  MYSQL_HOST: '[db_name].mysql.database.azure.com'
  MYSQL_PORT: "3306"
kind: ConfigMap
metadata:
  labels:
    kustomize.component: metadata
  name: metadata-db-parameters-hc59m6d49g
