apiVersion: rbac.authorization.k8s.io/v1beta1
kind: ClusterRole
metadata:
  labels:
    kustomize.component: fluentd-cloud-watch
  name: fluentd
rules:
- apiGroups:
  - ""
  resources:
  - namespaces
  - pods
  verbs:
  - get
  - list
  - watch
