apiVersion: rbac.authorization.k8s.io/v1
kind: RoleBinding
metadata:
  labels:
    app.kubernetes.io/component: ml-pipeline
    app.kubernetes.io/name: kubeflow-pipelines
  name: kubeflow-pipelines-cache-deployer-rolebinding
  namespace: kubeflow
roleRef:
  apiGroup: rbac.authorization.k8s.io
  kind: Role
  name: kubeflow-pipelines-cache-deployer-role
subjects:
- kind: ServiceAccount
  name: kubeflow-pipelines-cache-deployer-sa
  namespace: kubeflow
