apiVersion: rbac.authorization.k8s.io/v1beta1
kind: ClusterRoleBinding
metadata:
  labels:
    app: cainjector
    app.kubernetes.io/component: cert-manager
    app.kubernetes.io/name: cert-manager
    kustomize.component: cert-manager
  name: cert-manager-cainjector
roleRef:
  apiGroup: rbac.authorization.k8s.io
  kind: ClusterRole
  name: cert-manager-cainjector
subjects:
- kind: ServiceAccount
  name: cert-manager-cainjector
  namespace: cert-manager
