apiVersion: v1
kind: ServiceAccount
metadata:
  labels:
    app: cloud-endpoints-controller
    app.kubernetes.io/component: cloud-endpoints
    app.kubernetes.io/instance: cloud-endpoints-v1.0.0
    app.kubernetes.io/managed-by: kfctl
    app.kubernetes.io/name: cloud-endpoints
    app.kubernetes.io/part-of: kubeflow
    app.kubernetes.io/version: v1.0.0
    kustomize.component: cloud-endpoints
  name: kf-admin
  namespace: kubeflow
