apiVersion: app.k8s.io/v1beta1
kind: Application
metadata:
  labels:
    app.kubernetes.io/component: kfserving-install
    app.kubernetes.io/instance: kfserving-install
    app.kubernetes.io/managed-by: kfctl
    app.kubernetes.io/name: kfserving-install
    app.kubernetes.io/part-of: kubeflow
    app.kubernetes.io/version: v0.3.0
  name: kfserving
  namespace: kubeflow
spec:
  addOwnerRef: true
  componentKinds:
  - group: apps/v1
    kind: StatefulSet
  - group: v1
    kind: Service
  - group: apps/v1
    kind: Deployment
  - group: v1
    kind: Secret
  - group: v1
    kind: ConfigMap
  descriptor:
    description: KFServing provides a Kubernetes Custom Resource Definition for serving
      ML Models on arbitrary frameworks
    keywords:
    - kfserving
    - inference
    links:
    - description: About
      url: https://github.com/kubeflow/kfserving
    maintainers:
    - email: johnugeo@cisco.com
      name: Johnu George
    owners:
    - email: johnugeo@cisco.com
      name: Johnu George
    type: kfserving
    version: v1alpha2
  selector:
    matchLabels:
      app.kubernetes.io/component: kfserving-install
      app.kubernetes.io/instance: kfserving-install
      app.kubernetes.io/managed-by: kfctl
      app.kubernetes.io/name: kfserving-install
      app.kubernetes.io/part-of: kubeflow
      app.kubernetes.io/version: v0.3.0
